****************************************
Report : report_pin_placement
Design : raven_wrapper
Version: U-2022.12-SP3
Date   : Wed Dec 24 18:58:50 2025
****************************************
block raven_wrapper pin gpio[15] layer metal2 side 4 offset 1794.22
block raven_wrapper pin gpio[14] layer metal2 side 4 offset 769.36
block raven_wrapper pin gpio[13] layer metal2 side 4 offset 1281.6
block raven_wrapper pin gpio[12] layer metal2 side 4 offset 1793.84
block raven_wrapper pin gpio[11] layer metal2 side 4 offset 2306.08
block raven_wrapper pin gpio[10] layer metal2 side 4 offset 2818.32
block raven_wrapper pin gpio[9] layer metal2 side 4 offset 3330.56
block raven_wrapper pin gpio[8] layer metal3 side 3 offset 289.7
block raven_wrapper pin gpio[7] layer metal3 side 3 offset 865.94
block raven_wrapper pin gpio[6] layer metal3 side 3 offset 1442.18
block raven_wrapper pin gpio[5] layer metal3 side 3 offset 2018.56
block raven_wrapper pin gpio[4] layer metal3 side 3 offset 2594.8
block raven_wrapper pin gpio[3] layer metal3 side 3 offset 3171.04
block raven_wrapper pin gpio[2] layer metal3 side 3 offset 3747.28
block raven_wrapper pin gpio[1] layer metal3 side 3 offset 4323.66
block raven_wrapper pin gpio[0] layer metal3 side 3 offset 4899.9
block raven_wrapper pin analog_out_sel layer metal2 side 2 offset 3288.32
block raven_wrapper pin opamp_ena layer metal2 side 2 offset 2690.58
block raven_wrapper pin opamp_bias_ena layer metal2 side 2 offset 2093.03
block raven_wrapper pin bg_ena layer metal2 side 2 offset 1495.29
block raven_wrapper pin comp_ena layer metal2 side 2 offset 897.74
block raven_wrapper pin comp_ninputsrc[1] layer metal2 side 2 offset 300
block raven_wrapper pin comp_ninputsrc[0] layer metal3 side 1 offset 4898.3
block raven_wrapper pin comp_pinputsrc[1] layer metal3 side 1 offset 4322.06
block raven_wrapper pin comp_pinputsrc[0] layer metal3 side 1 offset 3745.82
block raven_wrapper pin rcosc_ena layer metal3 side 1 offset 3169.44
block raven_wrapper pin overtemp_ena layer metal3 side 1 offset 2593.2
block raven_wrapper pin ser_tx layer metal3 side 1 offset 2016.96
block raven_wrapper pin trap layer metal3 side 1 offset 1440.72
block raven_wrapper pin flash_csb layer metal3 side 1 offset 864.34
block raven_wrapper pin flash_clk layer metal3 side 1 offset 288.1
