[icc2-lic Wed Dec 24 19:45:14 2025] Command 'report_timing' requires licenses
[icc2-lic Wed Dec 24 19:45:14 2025] Attempting to check-out alternate set of keys directly with queueing
[icc2-lic Wed Dec 24 19:45:14 2025] Sending count request for 'ICCompilerII-8' 
[icc2-lic Wed Dec 24 19:45:14 2025] Count request for 'ICCompilerII-8' returned 1 
[icc2-lic Wed Dec 24 19:45:14 2025] Sending check-out request for 'ICCompilerII-8' (1) with wait option
[icc2-lic Wed Dec 24 19:45:14 2025] Check-out request for 'ICCompilerII-8' with wait option succeeded
[icc2-lic Wed Dec 24 19:45:14 2025] Sending checkout check request for 'ICCompilerII-8' 
[icc2-lic Wed Dec 24 19:45:14 2025] Checkout check request for 'ICCompilerII-8' returned 0 
[icc2-lic Wed Dec 24 19:45:14 2025] Sending count request for 'ICCompilerII-8' 
[icc2-lic Wed Dec 24 19:45:14 2025] Count request for 'ICCompilerII-8' returned 1 
[icc2-lic Wed Dec 24 19:45:14 2025] Sending count request for 'ICCompilerII-NX' 
[icc2-lic Wed Dec 24 19:45:14 2025] Count request for 'ICCompilerII-NX' returned 1 
[icc2-lic Wed Dec 24 19:45:14 2025] Sending check-out request for 'ICCompilerII-NX' (1) with wait option
[icc2-lic Wed Dec 24 19:45:14 2025] Check-out request for 'ICCompilerII-NX' with wait option succeeded
[icc2-lic Wed Dec 24 19:45:14 2025] Sending checkout check request for 'ICCompilerII-NX' 
[icc2-lic Wed Dec 24 19:45:14 2025] Checkout check request for 'ICCompilerII-NX' returned 0 
[icc2-lic Wed Dec 24 19:45:14 2025] Sending count request for 'ICCompilerII-NX' 
[icc2-lic Wed Dec 24 19:45:14 2025] Count request for 'ICCompilerII-NX' returned 1 
[icc2-lic Wed Dec 24 19:45:14 2025] Check-out of alternate set of keys directly with queueing was successful
****************************************
Report : timing
        -path_type full
        -delay_type max
        -max_paths 1
        -report_by design
Design : raven_wrapper
Version: U-2022.12-SP3
Date   : Wed Dec 24 19:45:14 2025
****************************************

  Startpoint: ext_clk_sel (input port clocked by ext_clk)
  Endpoint: _20069_ (rising clock gating-check end-point clocked by ext_clk')
  Mode: func1
  Corner: estimated_corner
  Scenario: func1::estimated_corner
  Path Group: **in2reg_default**
  Path Type: max

  Point                                            Incr      Path       Delta Incr     Analysis
  ----------------------------------------------------------------------------------------------------
  clock ext_clk (rise edge)                        0.00      0.00
  clock network delay (ideal)                      0.00      0.00
  input external delay                             0.60      0.60 r
  ext_clk_sel (in)                                 0.00      0.60 r      0.00
  ext_clk_sel_buf/DI (PADINC)                      8.11 e    8.71 r ~  -148.71
  _20069_/B2 (OAI21_X1)                            0.57 e    9.28 r     -3.00        Buff: 7 buffers added
  data arrival time                                          9.28      -151.71       Delta arrival

  clock ext_clk' (rise edge)                       2.00      2.00
  clock network delay (ideal)                      0.00      2.00
  _20069_/A (OAI21_X1)                             0.00      2.00 r      0.00        Buff: Short net
  library setup time                              -0.00      2.00
  data required time                                         2.00
  ----------------------------------------------------------------------------------------------------
  data required time                                         2.00
  data arrival time                                         -9.28
  ----------------------------------------------------------------------------------------------------
  slack (VIOLATED)                                          -7.28


1
